// Jest Snapshot v1, https://goo.gl/fbAQLP

exports[`Time Rendering should renderTime correctly  1`] = `
<div>
  <h1>
    Time:
  </h1>
  <h4>
    Thursday, January 1st 1970, 2:00:00 am
  </h4>
</div>
`;
